// Jest Snapshot v1, https://goo.gl/fbAQLP

exports[`HeaderMenu should render 1`] = `
<HeaderMenu>
  <HeaderMenu
    focusRef={null}
    renderMenuContent={[Function]}
  >
    <li
      className="bx--header__submenu"
      onBlur={[Function]}
      onClick={[Function]}
      onKeyDown={[Function]}
    >
      <a
        aria-expanded={false}
        aria-haspopup="menu"
        className="bx--header__menu-item bx--header__menu-title"
        href="#"
        onKeyDown={[Function]}
        role="menuitem"
        tabIndex={0}
      >
        <defaultRenderMenuContent>
          <ForwardRef(ChevronDownGlyph)
            className="bx--header__menu-arrow"
          >
            <Icon
              className="bx--header__menu-arrow"
              height={6}
              preserveAspectRatio="xMidYMid meet"
              viewBox="0 0 10 6"
              width={10}
              xmlns="http://www.w3.org/2000/svg"
            >
              <svg
                aria-hidden={true}
                className="bx--header__menu-arrow"
                focusable="false"
                height={6}
                preserveAspectRatio="xMidYMid meet"
                style={
                  Object {
                    "willChange": "transform",
                  }
                }
                viewBox="0 0 10 6"
                width={10}
                xmlns="http://www.w3.org/2000/svg"
              >
                <path
                  d="M5 6L0 1 0.7 0.3 5 4.6 9.3 0.3 10 1z"
                />
              </svg>
            </Icon>
          </ForwardRef(ChevronDownGlyph)>
        </defaultRenderMenuContent>
      </a>
      <ul
        className="bx--header__menu"
        role="menu"
      >
        <ForwardRef(HeaderMenuItem)
          href="/a"
          key=".0"
          role="none"
        >
          <li
            role="none"
          >
            <Link
              className="bx--header__menu-item"
              element="a"
              href="/a"
              role="menuitem"
              tabIndex={0}
            >
              <a
                className="bx--header__menu-item"
                href="/a"
                role="menuitem"
                tabIndex={0}
              >
                <span
                  className="bx--text-truncate--end"
                >
                  A
                </span>
              </a>
            </Link>
          </li>
        </ForwardRef(HeaderMenuItem)>
        <ForwardRef(HeaderMenuItem)
          href="/b"
          key=".1"
          role="none"
        >
          <li
            role="none"
          >
            <Link
              className="bx--header__menu-item"
              element="a"
              href="/b"
              role="menuitem"
              tabIndex={0}
            >
              <a
                className="bx--header__menu-item"
                href="/b"
                role="menuitem"
                tabIndex={0}
              >
                <span
                  className="bx--text-truncate--end"
                >
                  B
                </span>
              </a>
            </Link>
          </li>
        </ForwardRef(HeaderMenuItem)>
        <ForwardRef(HeaderMenuItem)
          href="/c"
          key=".2"
          role="none"
        >
          <li
            role="none"
          >
            <Link
              className="bx--header__menu-item"
              element="a"
              href="/c"
              role="menuitem"
              tabIndex={0}
            >
              <a
                className="bx--header__menu-item"
                href="/c"
                role="menuitem"
                tabIndex={0}
              >
                <span
                  className="bx--text-truncate--end"
                >
                  C
                </span>
              </a>
            </Link>
          </li>
        </ForwardRef(HeaderMenuItem)>
      </ul>
    </li>
  </HeaderMenu>
</HeaderMenu>
`;
